2026-02-05 00:07:20,156 - __main__ - INFO - The application has started.
2026-02-05 00:07:20,429 - __main__ - INFO - Data sources loaded successfully.
2026-02-05 00:07:20,429 - __main__ - INFO - Starting initial analysis (nulls, outliers, frequencies)...
2026-02-05 00:07:20,432 - Initial_Data_Analysis.initial_analysis - INFO - Null check completed. Contains nulls: False
2026-02-05 00:07:20,432 - Initial_Data_Analysis.initial_analysis - INFO - Starting outlier plotting process.
2026-02-05 00:07:20,433 - Initial_Data_Analysis.initial_analysis - INFO - Starting outlier detection using IQR method.
2026-02-05 00:07:20,459 - Initial_Data_Analysis.initial_analysis - INFO - Outlier detection completed. Found 666 outliers (0.50% of data). Removal decision: NO.
2026-02-05 00:07:22,393 - Initial_Data_Analysis.initial_analysis - INFO - Outlier removal skipped due to low impact.
2026-02-05 00:07:22,595 - Visualization.visualization_saving_decorator - INFO - Saved figure to: Visualization\Raw Data Outliers Detected but Not Removed.png
2026-02-05 00:07:22,785 - Visualization.visualization_saving_decorator - INFO - Saved figure to: Visualization\Clean Data After Removing Outliers.png
2026-02-05 00:07:23,551 - Initial_Data_Analysis.initial_analysis - INFO - Frequency plots generated successfully.
2026-02-05 00:07:23,728 - Visualization.visualization_saving_decorator - INFO - Saved figure to: Visualization\Frequency plots.png
2026-02-05 00:07:23,728 - __main__ - INFO - Applying data transformation based on health guidelines...
2026-02-05 00:07:23,729 - Category_realations.binarize_category - INFO - Starting data binarization process.
2026-02-05 00:07:23,761 - Category_realations.binarize_category - INFO - Transformation complete. Processed 14 variables.
2026-02-05 00:07:23,762 - Category_realations.Categorization - INFO - Starting categorization process
2026-02-05 00:07:23,768 - Category_realations.Categorization - INFO - Categorization completed successfully
2026-02-05 00:07:23,770 - __main__ - INFO - Running Spearman rank correlation tests...
2026-02-05 00:07:23,770 - Category_realations.spearman_test - INFO - Starting Spearman Rank Correlation Test...
2026-02-05 00:07:23,771 - Category_realations.spearman_test - INFO - Calculating correlation against target: 'Anxiety Level (1-10)'
2026-02-05 00:07:23,778 - Category_realations.spearman_test - INFO - Spearman Correlation Results:
                         Category  Spearman Coeff       P-value
                Lifestyle Factors       -0.276541 2.766138e-192
Health & Physiological Indicators       -0.363725  0.000000e+00
            Mental Health History       -0.081241  1.417116e-17
2026-02-05 00:07:23,778 - Category_realations.spearman_test - INFO - Spearman Test completed successfully.
2026-02-05 00:07:23,778 - Category_realations.stat_visualization - INFO - Generating Spearman correlation bar chart...
2026-02-05 00:07:23,840 - Category_realations.stat_visualization - INFO - Displaying Spearman plot window.
2026-02-05 00:07:23,893 - Visualization.visualization_saving_decorator - INFO - Saved figure to: Visualization\Spearman Correlation Coefficients.png
2026-02-05 00:07:23,893 - __main__ - INFO - Executing multiple linear regression analysis...
2026-02-05 00:07:23,893 - Category_realations.multiple_linear_regression - INFO - Starting Multiple Linear Regression analysis...
2026-02-05 00:07:23,895 - Category_realations.multiple_linear_regression - INFO - Fitting OLS regression model...
2026-02-05 00:07:23,905 - Category_realations.multiple_linear_regression - INFO - Regression Results:
                             OLS Regression Results                             
================================================================================
Dep. Variable:     Anxiety Level (1-10)   R-squared:                       0.296
Model:                              OLS   Adj. R-squared:                  0.296
Method:                   Least Squares   F-statistic:                     1542.
Date:                  Thu, 05 Feb 2026   Prob (F-statistic):               0.00
Time:                          00:07:23   Log-Likelihood:                -21955.
No. Observations:                 11000   AIC:                         4.392e+04
Df Residuals:                     10996   BIC:                         4.395e+04
Df Model:                             3                                         
Covariance Type:              nonrobust                                         
=====================================================================================================
                                        coef    std err          t      P>|t|      [0.025      0.975]
-----------------------------------------------------------------------------------------------------
const                                 7.2004      0.062    116.654      0.000       7.079       7.321
Lifestyle Factors                    -3.4132      0.084    -40.685      0.000      -3.578      -3.249
Health & Physiological Indicators    -3.3047      0.075    -44.033      0.000      -3.452      -3.158
Mental Health History                -0.4879      0.073     -6.699      0.000      -0.631      -0.345
==============================================================================
Omnibus:                      172.918   Durbin-Watson:                   1.995
Prob(Omnibus):                  0.000   Jarque-Bera (JB):              176.263
Skew:                           0.296   Prob(JB):                     5.31e-39
Kurtosis:                       2.817   Cond. No.                         7.31
==============================================================================

Notes:
[1] Standard Errors assume that the covariance matrix of the errors is correctly specified.
2026-02-05 00:07:23,905 - Category_realations.multiple_linear_regression - INFO - Multiple Regression completed successfully.
2026-02-05 00:07:23,906 - Category_realations.stat_visualization - INFO - Generating Regression Coefficients plot...
2026-02-05 00:07:23,961 - Category_realations.stat_visualization - INFO - Displaying Regression plot window.
2026-02-05 00:07:24,016 - Visualization.visualization_saving_decorator - INFO - Saved figure to: Visualization\Regression Coefficients Impact on Anxiety Level.png
2026-02-05 00:07:24,016 - __main__ - INFO - Running linear regression for Age vs Anxiety Level...
2026-02-05 00:07:24,016 - Age_Regression.regression - INFO - Starting regression analysis: Age predicting Anxiety_Level
